// Jest Snapshot v1, https://goo.gl/fbAQLP

exports[`Header component matches a snapshot 1`] = `
<DocumentFragment>
  <nav
    class="navbar navbar-expand navbar-dark bg-dark"
  >
    <div
      class="container"
    >
      <span
        class="user-select-none navbar-brand"
      >
        Movies Project
      </span>
      <button
        class="btn btn-outline-light"
        data-testid="login-button"
        type="button"
      >
        Login
      </button>
    </div>
  </nav>
</DocumentFragment>
`;
